// Jest Snapshot v1, https://goo.gl/fbAQLP

exports[`Cities Page renders correctly 1`] = `
<div
  className="cities-page-container min-page-height"
>
  <div
    className="page-heading-container"
    data-testid="cities-page-heading"
  >
    <h1
      className="page-heading"
    >
      Cities
    </h1>
  </div>
  <div
    className="card-container"
  >
    <div
      className="col"
      data-test="col"
    >
      <div
        className="card city-card"
        data-test="card"
      >
        <div
          className="view"
          data-test="view"
          onMouseDown={[Function]}
          onTouchStart={[Function]}
          style={Object {}}
        >
          <div
            className="Ripple-parent"
            onMouseDown={[Function]}
            style={
              Object {
                "touchAction": "unset",
              }
            }
          >
            <img
              alt="Liverpool"
              className="cutter img-fluid"
              data-test="card-image"
              src="https://images.unsplash.com/photo-1505833779582-e28ba8f922f8…VufDB8fHw%3D&ixlib=rb-1.2.1&auto=format&fit=crop&w=1049&q=80"
            />
            <div
              className="mask rgba-white-slight"
              data-test="mask"
            />
            <div
              className="Ripple "
              data-test="waves"
              style={
                Object {
                  "height": "0px",
                  "left": "0px",
                  "top": "0px",
                  "width": "0px",
                }
              }
            />
          </div>
        </div>
        <div
          className="card-body"
          data-test="card-body"
        >
          <h4
            className="card-title"
            data-test="card-title"
          >
            Liverpool
          </h4>
          <p
            className="card-text"
            data-test="card-text"
          >
            A key trade and migration port from the 18th to the early 20th centuries, it's also, famously, the hometown of The Beatles.
          </p>
          <button
            className="btn-white btn-outline-white btn Ripple-parent city-card-btn"
            data-test="button"
            onClick={[Function]}
            onMouseUp={[Function]}
            onTouchStart={[Function]}
            type="button"
          >
            Find walks 
            <i
              className="fa fa-search"
              data-test="fa"
            />
            <div
              className="Ripple Ripple-outline "
              data-test="waves"
              style={
                Object {
                  "height": "0px",
                  "left": "0px",
                  "top": "0px",
                  "width": "0px",
                }
              }
            />
          </button>
        </div>
      </div>
    </div>
    <div
      className="col"
      data-test="col"
    >
      <div
        className="card city-card"
        data-test="card"
      >
        <div
          className="view"
          data-test="view"
          onMouseDown={[Function]}
          onTouchStart={[Function]}
          style={Object {}}
        >
          <div
            className="Ripple-parent"
            onMouseDown={[Function]}
            style={
              Object {
                "touchAction": "unset",
              }
            }
          >
            <img
              alt="Edinburgh"
              className="cutter img-fluid"
              data-test="card-image"
              src="https://images.unsplash.com/photo-1506377585622-bedcbb027afc…VufDB8fHw%3D&ixlib=rb-1.2.1&auto=format&fit=crop&w=1050&q=80"
            />
            <div
              className="mask rgba-white-slight"
              data-test="mask"
            />
            <div
              className="Ripple "
              data-test="waves"
              style={
                Object {
                  "height": "0px",
                  "left": "0px",
                  "top": "0px",
                  "width": "0px",
                }
              }
            />
          </div>
        </div>
        <div
          className="card-body"
          data-test="card-body"
        >
          <h4
            className="card-title"
            data-test="card-title"
          >
            Edinburgh
          </h4>
          <p
            className="card-text"
            data-test="card-text"
          >
            Edinburgh is Scotland's compact, hilly capital. It has a medieval Old Town and elegant Georgian New Town with gardens.
          </p>
          <button
            className="btn-white btn-outline-white btn Ripple-parent city-card-btn"
            data-test="button"
            onClick={[Function]}
            onMouseUp={[Function]}
            onTouchStart={[Function]}
            type="button"
          >
            Find walks 
            <i
              className="fa fa-search"
              data-test="fa"
            />
            <div
              className="Ripple Ripple-outline "
              data-test="waves"
              style={
                Object {
                  "height": "0px",
                  "left": "0px",
                  "top": "0px",
                  "width": "0px",
                }
              }
            />
          </button>
        </div>
      </div>
    </div>
    <div
      className="col"
      data-test="col"
    >
      <div
        className="card city-card"
        data-test="card"
      >
        <div
          className="view"
          data-test="view"
          onMouseDown={[Function]}
          onTouchStart={[Function]}
          style={Object {}}
        >
          <div
            className="Ripple-parent"
            onMouseDown={[Function]}
            style={
              Object {
                "touchAction": "unset",
              }
            }
          >
            <img
              alt="Budapest"
              className="cutter img-fluid"
              data-test="card-image"
              src="https://images.unsplash.com/photo-1565426873118-a17ed65d74b9…VufDB8fHw%3D&ixlib=rb-1.2.1&auto=format&fit=crop&w=1055&q=80"
            />
            <div
              className="mask rgba-white-slight"
              data-test="mask"
            />
            <div
              className="Ripple "
              data-test="waves"
              style={
                Object {
                  "height": "0px",
                  "left": "0px",
                  "top": "0px",
                  "width": "0px",
                }
              }
            />
          </div>
        </div>
        <div
          className="card-body"
          data-test="card-body"
        >
          <h4
            className="card-title"
            data-test="card-title"
          >
            Budapest
          </h4>
          <p
            className="card-text"
            data-test="card-text"
          >
            Budapest, Hungary’s capital, is bisected by the River Danube. Its 19th-century Chain Bridge has visitors all year round.
          </p>
          <button
            className="btn-white btn-outline-white btn Ripple-parent city-card-btn"
            data-test="button"
            onClick={[Function]}
            onMouseUp={[Function]}
            onTouchStart={[Function]}
            type="button"
          >
            Find walks 
            <i
              className="fa fa-search"
              data-test="fa"
            />
            <div
              className="Ripple Ripple-outline "
              data-test="waves"
              style={
                Object {
                  "height": "0px",
                  "left": "0px",
                  "top": "0px",
                  "width": "0px",
                }
              }
            />
          </button>
        </div>
      </div>
    </div>
    <div
      className="col"
      data-test="col"
    >
      <div
        className="card city-card"
        data-test="card"
      >
        <div
          className="view"
          data-test="view"
          onMouseDown={[Function]}
          onTouchStart={[Function]}
          style={Object {}}
        >
          <div
            className="Ripple-parent"
            onMouseDown={[Function]}
            style={
              Object {
                "touchAction": "unset",
              }
            }
          >
            <img
              alt="London"
              className="cutter img-fluid"
              data-test="card-image"
              src="https://images.pexels.com/photos/460672/pexels-photo-460672.jpeg?auto=compress&cs=tinysrgb&dpr=2&h=750&w=1260"
            />
            <div
              className="mask rgba-white-slight"
              data-test="mask"
            />
            <div
              className="Ripple "
              data-test="waves"
              style={
                Object {
                  "height": "0px",
                  "left": "0px",
                  "top": "0px",
                  "width": "0px",
                }
              }
            />
          </div>
        </div>
        <div
          className="card-body"
          data-test="card-body"
        >
          <h4
            className="card-title"
            data-test="card-title"
          >
            London
          </h4>
          <p
            className="card-text"
            data-test="card-text"
          >
            London, the capital of England and the United Kingdom, is a 21st-century city with history stretching back to Roman times.
          </p>
          <button
            className="btn-white btn-outline-white btn Ripple-parent city-card-btn"
            data-test="button"
            onClick={[Function]}
            onMouseUp={[Function]}
            onTouchStart={[Function]}
            type="button"
          >
            Find walks 
            <i
              className="fa fa-search"
              data-test="fa"
            />
            <div
              className="Ripple Ripple-outline "
              data-test="waves"
              style={
                Object {
                  "height": "0px",
                  "left": "0px",
                  "top": "0px",
                  "width": "0px",
                }
              }
            />
          </button>
        </div>
      </div>
    </div>
    <div
      className="col"
      data-test="col"
    >
      <div
        className="card city-card"
        data-test="card"
      >
        <div
          className="view"
          data-test="view"
          onMouseDown={[Function]}
          onTouchStart={[Function]}
          style={Object {}}
        >
          <div
            className="Ripple-parent"
            onMouseDown={[Function]}
            style={
              Object {
                "touchAction": "unset",
              }
            }
          >
            <img
              alt="Amsterdam"
              className="cutter img-fluid"
              data-test="card-image"
              src="https://images.pexels.com/photos/1329510/pexels-photo-1329510.jpeg?auto=compress&cs=tinysrgb&dpr=2&h=750&w=1260"
            />
            <div
              className="mask rgba-white-slight"
              data-test="mask"
            />
            <div
              className="Ripple "
              data-test="waves"
              style={
                Object {
                  "height": "0px",
                  "left": "0px",
                  "top": "0px",
                  "width": "0px",
                }
              }
            />
          </div>
        </div>
        <div
          className="card-body"
          data-test="card-body"
        >
          <h4
            className="card-title"
            data-test="card-title"
          >
            Amsterdam
          </h4>
          <p
            className="card-text"
            data-test="card-text"
          >
            Amsterdam is the Netherlands’ capital, known for its artistic heritage, elaborate canal system and narrow houses with gabled facades.
          </p>
          <button
            className="btn-white btn-outline-white btn Ripple-parent city-card-btn"
            data-test="button"
            onClick={[Function]}
            onMouseUp={[Function]}
            onTouchStart={[Function]}
            type="button"
          >
            Find walks 
            <i
              className="fa fa-search"
              data-test="fa"
            />
            <div
              className="Ripple Ripple-outline "
              data-test="waves"
              style={
                Object {
                  "height": "0px",
                  "left": "0px",
                  "top": "0px",
                  "width": "0px",
                }
              }
            />
          </button>
        </div>
      </div>
    </div>
    <div
      className="col"
      data-test="col"
    >
      <div
        className="card city-card"
        data-test="card"
      >
        <div
          className="view"
          data-test="view"
          onMouseDown={[Function]}
          onTouchStart={[Function]}
          style={Object {}}
        >
          <div
            className="Ripple-parent"
            onMouseDown={[Function]}
            style={
              Object {
                "touchAction": "unset",
              }
            }
          >
            <img
              alt="Amsterdam"
              className="cutter img-fluid"
              data-test="card-image"
              src="https://images.pexels.com/photos/1329510/pexels-photo-1329510.jpeg?auto=compress&cs=tinysrgb&dpr=2&h=750&w=1260"
            />
            <div
              className="mask rgba-white-slight"
              data-test="mask"
            />
            <div
              className="Ripple "
              data-test="waves"
              style={
                Object {
                  "height": "0px",
                  "left": "0px",
                  "top": "0px",
                  "width": "0px",
                }
              }
            />
          </div>
        </div>
        <div
          className="card-body"
          data-test="card-body"
        >
          <h4
            className="card-title"
            data-test="card-title"
          >
            Amsterdam
          </h4>
          <p
            className="card-text"
            data-test="card-text"
          >
            Amsterdam is the Netherlands’ capital, known for its artistic heritage, elaborate canal system and narrow houses with gabled facades.
          </p>
          <button
            className="btn-white btn-outline-white btn Ripple-parent city-card-btn"
            data-test="button"
            onClick={[Function]}
            onMouseUp={[Function]}
            onTouchStart={[Function]}
            type="button"
          >
            Find walks 
            <i
              className="fa fa-search"
              data-test="fa"
            />
            <div
              className="Ripple Ripple-outline "
              data-test="waves"
              style={
                Object {
                  "height": "0px",
                  "left": "0px",
                  "top": "0px",
                  "width": "0px",
                }
              }
            />
          </button>
        </div>
      </div>
    </div>
    <div
      className="col"
      data-test="col"
    >
      <div
        className="card city-card"
        data-test="card"
      >
        <div
          className="view"
          data-test="view"
          onMouseDown={[Function]}
          onTouchStart={[Function]}
          style={Object {}}
        >
          <div
            className="Ripple-parent"
            onMouseDown={[Function]}
            style={
              Object {
                "touchAction": "unset",
              }
            }
          >
            <img
              alt="Amsterdam"
              className="cutter img-fluid"
              data-test="card-image"
              src="https://images.pexels.com/photos/1329510/pexels-photo-1329510.jpeg?auto=compress&cs=tinysrgb&dpr=2&h=750&w=1260"
            />
            <div
              className="mask rgba-white-slight"
              data-test="mask"
            />
            <div
              className="Ripple "
              data-test="waves"
              style={
                Object {
                  "height": "0px",
                  "left": "0px",
                  "top": "0px",
                  "width": "0px",
                }
              }
            />
          </div>
        </div>
        <div
          className="card-body"
          data-test="card-body"
        >
          <h4
            className="card-title"
            data-test="card-title"
          >
            Amsterdam
          </h4>
          <p
            className="card-text"
            data-test="card-text"
          >
            Amsterdam is the Netherlands’ capital, known for its artistic heritage, elaborate canal system and narrow houses with gabled facades.
          </p>
          <button
            className="btn-white btn-outline-white btn Ripple-parent city-card-btn"
            data-test="button"
            onClick={[Function]}
            onMouseUp={[Function]}
            onTouchStart={[Function]}
            type="button"
          >
            Find walks 
            <i
              className="fa fa-search"
              data-test="fa"
            />
            <div
              className="Ripple Ripple-outline "
              data-test="waves"
              style={
                Object {
                  "height": "0px",
                  "left": "0px",
                  "top": "0px",
                  "width": "0px",
                }
              }
            />
          </button>
        </div>
      </div>
    </div>
    <div
      className="col"
      data-test="col"
    >
      <div
        className="card city-card"
        data-test="card"
      >
        <div
          className="view"
          data-test="view"
          onMouseDown={[Function]}
          onTouchStart={[Function]}
          style={Object {}}
        >
          <div
            className="Ripple-parent"
            onMouseDown={[Function]}
            style={
              Object {
                "touchAction": "unset",
              }
            }
          >
            <img
              alt="Amsterdam"
              className="cutter img-fluid"
              data-test="card-image"
              src="https://images.pexels.com/photos/1329510/pexels-photo-1329510.jpeg?auto=compress&cs=tinysrgb&dpr=2&h=750&w=1260"
            />
            <div
              className="mask rgba-white-slight"
              data-test="mask"
            />
            <div
              className="Ripple "
              data-test="waves"
              style={
                Object {
                  "height": "0px",
                  "left": "0px",
                  "top": "0px",
                  "width": "0px",
                }
              }
            />
          </div>
        </div>
        <div
          className="card-body"
          data-test="card-body"
        >
          <h4
            className="card-title"
            data-test="card-title"
          >
            Amsterdam
          </h4>
          <p
            className="card-text"
            data-test="card-text"
          >
            Amsterdam is the Netherlands’ capital, known for its artistic heritage, elaborate canal system and narrow houses with gabled facades
          </p>
          <button
            className="btn-white btn-outline-white btn Ripple-parent city-card-btn"
            data-test="button"
            onClick={[Function]}
            onMouseUp={[Function]}
            onTouchStart={[Function]}
            type="button"
          >
            Find walks 
            <i
              className="fa fa-search"
              data-test="fa"
            />
            <div
              className="Ripple Ripple-outline "
              data-test="waves"
              style={
                Object {
                  "height": "0px",
                  "left": "0px",
                  "top": "0px",
                  "width": "0px",
                }
              }
            />
          </button>
        </div>
      </div>
    </div>
    <div
      className="col"
      data-test="col"
    >
      <div
        className="card city-card"
        data-test="card"
      >
        <div
          className="view"
          data-test="view"
          onMouseDown={[Function]}
          onTouchStart={[Function]}
          style={Object {}}
        >
          <div
            className="Ripple-parent"
            onMouseDown={[Function]}
            style={
              Object {
                "touchAction": "unset",
              }
            }
          >
            <img
              alt="Amsterdam"
              className="cutter img-fluid"
              data-test="card-image"
              src="https://images.pexels.com/photos/1329510/pexels-photo-1329510.jpeg?auto=compress&cs=tinysrgb&dpr=2&h=750&w=1260"
            />
            <div
              className="mask rgba-white-slight"
              data-test="mask"
            />
            <div
              className="Ripple "
              data-test="waves"
              style={
                Object {
                  "height": "0px",
                  "left": "0px",
                  "top": "0px",
                  "width": "0px",
                }
              }
            />
          </div>
        </div>
        <div
          className="card-body"
          data-test="card-body"
        >
          <h4
            className="card-title"
            data-test="card-title"
          >
            Amsterdam
          </h4>
          <p
            className="card-text"
            data-test="card-text"
          >
            Amsterdam is the Netherlands’ capital, known for its artistic heritage, elaborate canal system and narrow houses with gabled facades.
          </p>
          <button
            className="btn-white btn-outline-white btn Ripple-parent city-card-btn"
            data-test="button"
            onClick={[Function]}
            onMouseUp={[Function]}
            onTouchStart={[Function]}
            type="button"
          >
            Find walks 
            <i
              className="fa fa-search"
              data-test="fa"
            />
            <div
              className="Ripple Ripple-outline "
              data-test="waves"
              style={
                Object {
                  "height": "0px",
                  "left": "0px",
                  "top": "0px",
                  "width": "0px",
                }
              }
            />
          </button>
        </div>
      </div>
    </div>
    <div
      className="col"
      data-test="col"
    >
      <div
        className="card city-card"
        data-test="card"
      >
        <div
          className="view"
          data-test="view"
          onMouseDown={[Function]}
          onTouchStart={[Function]}
          style={Object {}}
        >
          <div
            className="Ripple-parent"
            onMouseDown={[Function]}
            style={
              Object {
                "touchAction": "unset",
              }
            }
          >
            <img
              alt="Amsterdam"
              className="cutter img-fluid"
              data-test="card-image"
              src="https://images.pexels.com/photos/1329510/pexels-photo-1329510.jpeg?auto=compress&cs=tinysrgb&dpr=2&h=750&w=1260"
            />
            <div
              className="mask rgba-white-slight"
              data-test="mask"
            />
            <div
              className="Ripple "
              data-test="waves"
              style={
                Object {
                  "height": "0px",
                  "left": "0px",
                  "top": "0px",
                  "width": "0px",
                }
              }
            />
          </div>
        </div>
        <div
          className="card-body"
          data-test="card-body"
        >
          <h4
            className="card-title"
            data-test="card-title"
          >
            Amsterdam
          </h4>
          <p
            className="card-text"
            data-test="card-text"
          >
            Amsterdam is the Netherlands’ capital, known for its artistic heritage, elaborate canal system and narrow houses with gabled facades.
          </p>
          <button
            className="btn-white btn-outline-white btn Ripple-parent city-card-btn"
            data-test="button"
            onClick={[Function]}
            onMouseUp={[Function]}
            onTouchStart={[Function]}
            type="button"
          >
            Find walks 
            <i
              className="fa fa-search"
              data-test="fa"
            />
            <div
              className="Ripple Ripple-outline "
              data-test="waves"
              style={
                Object {
                  "height": "0px",
                  "left": "0px",
                  "top": "0px",
                  "width": "0px",
                }
              }
            />
          </button>
        </div>
      </div>
    </div>
    <div
      className="col"
      data-test="col"
    >
      <div
        className="card city-card"
        data-test="card"
      >
        <div
          className="view"
          data-test="view"
          onMouseDown={[Function]}
          onTouchStart={[Function]}
          style={Object {}}
        >
          <div
            className="Ripple-parent"
            onMouseDown={[Function]}
            style={
              Object {
                "touchAction": "unset",
              }
            }
          >
            <img
              alt="Amsterdam"
              className="cutter img-fluid"
              data-test="card-image"
              src="https://images.pexels.com/photos/1329510/pexels-photo-1329510.jpeg?auto=compress&cs=tinysrgb&dpr=2&h=750&w=1260"
            />
            <div
              className="mask rgba-white-slight"
              data-test="mask"
            />
            <div
              className="Ripple "
              data-test="waves"
              style={
                Object {
                  "height": "0px",
                  "left": "0px",
                  "top": "0px",
                  "width": "0px",
                }
              }
            />
          </div>
        </div>
        <div
          className="card-body"
          data-test="card-body"
        >
          <h4
            className="card-title"
            data-test="card-title"
          >
            Amsterdam
          </h4>
          <p
            className="card-text"
            data-test="card-text"
          >
            Amsterdam is the Netherlands’ capital, known for its artistic heritage, elaborate canal system and narrow houses with gabled facades.
          </p>
          <button
            className="btn-white btn-outline-white btn Ripple-parent city-card-btn"
            data-test="button"
            onClick={[Function]}
            onMouseUp={[Function]}
            onTouchStart={[Function]}
            type="button"
          >
            Find walks 
            <i
              className="fa fa-search"
              data-test="fa"
            />
            <div
              className="Ripple Ripple-outline "
              data-test="waves"
              style={
                Object {
                  "height": "0px",
                  "left": "0px",
                  "top": "0px",
                  "width": "0px",
                }
              }
            />
          </button>
        </div>
      </div>
    </div>
    <div
      className="col"
      data-test="col"
    >
      <div
        className="card city-card"
        data-test="card"
      >
        <div
          className="view"
          data-test="view"
          onMouseDown={[Function]}
          onTouchStart={[Function]}
          style={Object {}}
        >
          <div
            className="Ripple-parent"
            onMouseDown={[Function]}
            style={
              Object {
                "touchAction": "unset",
              }
            }
          >
            <img
              alt="Amsterdam"
              className="cutter img-fluid"
              data-test="card-image"
              src="https://images.pexels.com/photos/1329510/pexels-photo-1329510.jpeg?auto=compress&cs=tinysrgb&dpr=2&h=750&w=1260"
            />
            <div
              className="mask rgba-white-slight"
              data-test="mask"
            />
            <div
              className="Ripple "
              data-test="waves"
              style={
                Object {
                  "height": "0px",
                  "left": "0px",
                  "top": "0px",
                  "width": "0px",
                }
              }
            />
          </div>
        </div>
        <div
          className="card-body"
          data-test="card-body"
        >
          <h4
            className="card-title"
            data-test="card-title"
          >
            Amsterdam
          </h4>
          <p
            className="card-text"
            data-test="card-text"
          >
            Amsterdam is the Netherlands’ capital, known for its artistic heritage, elaborate canal system and narrow houses with gabled facades
          </p>
          <button
            className="btn-white btn-outline-white btn Ripple-parent city-card-btn"
            data-test="button"
            onClick={[Function]}
            onMouseUp={[Function]}
            onTouchStart={[Function]}
            type="button"
          >
            Find walks 
            <i
              className="fa fa-search"
              data-test="fa"
            />
            <div
              className="Ripple Ripple-outline "
              data-test="waves"
              style={
                Object {
                  "height": "0px",
                  "left": "0px",
                  "top": "0px",
                  "width": "0px",
                }
              }
            />
          </button>
        </div>
      </div>
    </div>
    <div
      className="col"
      data-test="col"
    >
      <div
        className="card city-card"
        data-test="card"
      >
        <div
          className="view"
          data-test="view"
          onMouseDown={[Function]}
          onTouchStart={[Function]}
          style={Object {}}
        >
          <div
            className="Ripple-parent"
            onMouseDown={[Function]}
            style={
              Object {
                "touchAction": "unset",
              }
            }
          >
            <img
              alt="Amsterdam"
              className="cutter img-fluid"
              data-test="card-image"
              src="https://images.pexels.com/photos/1329510/pexels-photo-1329510.jpeg?auto=compress&cs=tinysrgb&dpr=2&h=750&w=1260"
            />
            <div
              className="mask rgba-white-slight"
              data-test="mask"
            />
            <div
              className="Ripple "
              data-test="waves"
              style={
                Object {
                  "height": "0px",
                  "left": "0px",
                  "top": "0px",
                  "width": "0px",
                }
              }
            />
          </div>
        </div>
        <div
          className="card-body"
          data-test="card-body"
        >
          <h4
            className="card-title"
            data-test="card-title"
          >
            Amsterdam
          </h4>
          <p
            className="card-text"
            data-test="card-text"
          >
            Amsterdam is the Netherlands’ capital, known for its artistic heritage, elaborate canal system and narrow houses with gabled facades.
          </p>
          <button
            className="btn-white btn-outline-white btn Ripple-parent city-card-btn"
            data-test="button"
            onClick={[Function]}
            onMouseUp={[Function]}
            onTouchStart={[Function]}
            type="button"
          >
            Find walks 
            <i
              className="fa fa-search"
              data-test="fa"
            />
            <div
              className="Ripple Ripple-outline "
              data-test="waves"
              style={
                Object {
                  "height": "0px",
                  "left": "0px",
                  "top": "0px",
                  "width": "0px",
                }
              }
            />
          </button>
        </div>
      </div>
    </div>
    <div
      className="col"
      data-test="col"
    >
      <div
        className="card city-card"
        data-test="card"
      >
        <div
          className="view"
          data-test="view"
          onMouseDown={[Function]}
          onTouchStart={[Function]}
          style={Object {}}
        >
          <div
            className="Ripple-parent"
            onMouseDown={[Function]}
            style={
              Object {
                "touchAction": "unset",
              }
            }
          >
            <img
              alt="Amsterdam"
              className="cutter img-fluid"
              data-test="card-image"
              src="https://images.pexels.com/photos/1329510/pexels-photo-1329510.jpeg?auto=compress&cs=tinysrgb&dpr=2&h=750&w=1260"
            />
            <div
              className="mask rgba-white-slight"
              data-test="mask"
            />
            <div
              className="Ripple "
              data-test="waves"
              style={
                Object {
                  "height": "0px",
                  "left": "0px",
                  "top": "0px",
                  "width": "0px",
                }
              }
            />
          </div>
        </div>
        <div
          className="card-body"
          data-test="card-body"
        >
          <h4
            className="card-title"
            data-test="card-title"
          >
            Amsterdam
          </h4>
          <p
            className="card-text"
            data-test="card-text"
          >
            Amsterdam is the Netherlands’ capital, known for its artistic heritage, elaborate canal system and narrow houses with gabled facades.
          </p>
          <button
            className="btn-white btn-outline-white btn Ripple-parent city-card-btn"
            data-test="button"
            onClick={[Function]}
            onMouseUp={[Function]}
            onTouchStart={[Function]}
            type="button"
          >
            Find walks 
            <i
              className="fa fa-search"
              data-test="fa"
            />
            <div
              className="Ripple Ripple-outline "
              data-test="waves"
              style={
                Object {
                  "height": "0px",
                  "left": "0px",
                  "top": "0px",
                  "width": "0px",
                }
              }
            />
          </button>
        </div>
      </div>
    </div>
    <div
      className="col"
      data-test="col"
    >
      <div
        className="card city-card"
        data-test="card"
      >
        <div
          className="view"
          data-test="view"
          onMouseDown={[Function]}
          onTouchStart={[Function]}
          style={Object {}}
        >
          <div
            className="Ripple-parent"
            onMouseDown={[Function]}
            style={
              Object {
                "touchAction": "unset",
              }
            }
          >
            <img
              alt="Amsterdam"
              className="cutter img-fluid"
              data-test="card-image"
              src="https://images.pexels.com/photos/1329510/pexels-photo-1329510.jpeg?auto=compress&cs=tinysrgb&dpr=2&h=750&w=1260"
            />
            <div
              className="mask rgba-white-slight"
              data-test="mask"
            />
            <div
              className="Ripple "
              data-test="waves"
              style={
                Object {
                  "height": "0px",
                  "left": "0px",
                  "top": "0px",
                  "width": "0px",
                }
              }
            />
          </div>
        </div>
        <div
          className="card-body"
          data-test="card-body"
        >
          <h4
            className="card-title"
            data-test="card-title"
          >
            Amsterdam
          </h4>
          <p
            className="card-text"
            data-test="card-text"
          >
            Amsterdam is the Netherlands’ capital, known for its artistic heritage, elaborate canal system and narrow houses with gabled facades.
          </p>
          <button
            className="btn-white btn-outline-white btn Ripple-parent city-card-btn"
            data-test="button"
            onClick={[Function]}
            onMouseUp={[Function]}
            onTouchStart={[Function]}
            type="button"
          >
            Find walks 
            <i
              className="fa fa-search"
              data-test="fa"
            />
            <div
              className="Ripple Ripple-outline "
              data-test="waves"
              style={
                Object {
                  "height": "0px",
                  "left": "0px",
                  "top": "0px",
                  "width": "0px",
                }
              }
            />
          </button>
        </div>
      </div>
    </div>
  </div>
</div>
`;
