// Jest Snapshot v1, https://goo.gl/fbAQLP

exports[`RegistrationForm renders correctly 1`] = `
<div>
  <div
    className="registration-header-container"
  >
    <h2
      className="registration-header"
    >
      Register
    </h2>
    <p>
      Create a new account.
    </p>
    <p>
      You will receive an email containing an activation link to verify your email and activate your account.
    </p>
    <p>
      The activation link expires after 10 minutes.
    </p>
    <p>
      If the activation link expires, you can 
      <a
        id="request-activation-link"
        onClick={[Function]}
      >
        request a fresh activation link.
      </a>
    </p>
  </div>
  <form
    className="user-registration-form display-form"
    onSubmit={[Function]}
  >
    <div
      className="md-form"
    >
      
      <input
        aria-disabled={false}
        className="form-control"
        data-test="input"
        disabled={false}
        id="registration-fname"
        name="registration-fname"
        onBlur={[Function]}
        onChange={[Function]}
        onFocus={[Function]}
        onInput={[Function]}
        pattern="^[A-Za-z\\\\-]+$"
        required={true}
        type="text"
        value=""
      />
      <label
        aria-labelledby=""
        className=""
        data-error=""
        data-success=""
        htmlFor="registration-fname"
        id=""
        onClick={[Function]}
      >
        first Name
      </label>
    </div>
    <div
      className="md-form"
    >
      
      <input
        aria-disabled={false}
        className="form-control"
        data-test="input"
        disabled={false}
        id="registration-lname"
        name="registration-lname"
        onBlur={[Function]}
        onChange={[Function]}
        onFocus={[Function]}
        onInput={[Function]}
        pattern="^[A-Za-z\\\\-]+$"
        required={true}
        type="text"
        value=""
      />
      <label
        aria-labelledby=""
        className=""
        data-error=""
        data-success=""
        htmlFor="registration-lname"
        id=""
        onClick={[Function]}
      >
        last Name
      </label>
    </div>
    <div
      className="md-form"
    >
      
      <input
        aria-disabled={false}
        className="form-control"
        data-test="input"
        disabled={false}
        id="registration-email"
        name="registration-email"
        onBlur={[Function]}
        onChange={[Function]}
        onFocus={[Function]}
        onInput={[Function]}
        required={true}
        type="email"
        value=""
      />
      <label
        aria-labelledby=""
        className=""
        data-error=""
        data-success=""
        htmlFor="registration-email"
        id=""
        onClick={[Function]}
      >
        email
      </label>
    </div>
    <div
      className="md-form"
    >
      
      <input
        aria-disabled={false}
        className="form-control"
        data-test="input"
        disabled={false}
        id="registration-password"
        minLength="8"
        name="registration-password"
        onBlur={[Function]}
        onChange={[Function]}
        onFocus={[Function]}
        onInput={[Function]}
        required={true}
        type="password"
        value=""
      />
      <label
        aria-labelledby=""
        className=""
        data-error=""
        data-success=""
        htmlFor="registration-password"
        id=""
        onClick={[Function]}
      >
        password (minimum 8 characters)
      </label>
    </div>
    <button
      className="btn-elegant btn-outline-elegant btn Ripple-parent"
      data-test="button"
      onMouseUp={[Function]}
      onTouchStart={[Function]}
      type="submit"
    >
      Register 
      <i
        className="fa fa-sign-in-alt"
        data-test="fa"
      />
      <div
        className="Ripple Ripple-outline "
        data-test="waves"
        style={
          Object {
            "height": "0px",
            "left": "0px",
            "top": "0px",
            "width": "0px",
          }
        }
      />
    </button>
  </form>
</div>
`;
