// Jest Snapshot v1, https://goo.gl/fbAQLP

exports[`ThreadBox renders correctly 1`] = `
<div
  className="card card-body"
  data-test="card"
  id="thread-box"
>
  <div
    className="thread-container"
  >
    <h4
      className="card-title thread-box-title"
      data-test="card-title"
    >
      Have you checked out this great restaurant?
    </h4>
    <p
      className="card-text thread-box-content"
      data-test="card-text"
    >
      There's a great new restaurant just opened in Sheffield...
    </p>
    <p>
      Posted by 
      John
       on 
      2021-01-13 18:08:18
    </p>
  </div>
  <div
    className="replies-h3-container"
  >
    <h3>
      Replies...
    </h3>
  </div>
  <div
    className="replies-container"
  >
    <div
      className="reply"
    >
      <p>
        James
         replied!
      </p>
      <p>
        ive been there its cool
      </p>
      <p>
        2021-01-13 18:08:18
      </p>
    </div>
    <div
      className="reply"
    >
      <p>
        Baz
         replied!
      </p>
      <p>
        it's lame
      </p>
      <p>
        2021-01-13 18:08:18
      </p>
    </div>
  </div>
  <button
    className="btn-default btn-outline-default btn Ripple-parent show-all-replies-btn"
    data-test="button"
    onClick={[Function]}
    onMouseUp={[Function]}
    onTouchStart={[Function]}
    type="button"
  >
    show all replies
    <div
      className="Ripple Ripple-outline "
      data-test="waves"
      style={
        Object {
          "height": "0px",
          "left": "0px",
          "top": "0px",
          "width": "0px",
        }
      }
    />
  </button>
  <form
    onSubmit={[Function]}
  />
</div>
`;
