// Jest Snapshot v1, https://goo.gl/fbAQLP

exports[`Boards Page renders correctly 1`] = `
<div>
  <div
    className="page-heading-container"
  >
    <h1
      className="page-heading"
    >
      Forum
    </h1>
    <h2
      className="login-heading"
    >
      Welcome back 
      
    </h2>
    <p>
      Here you can join in the discussion and put forward your own recomendations. Discussions are subdivided by category:
    </p>
  </div>
  <p>
    Loading...
  </p>
</div>
`;
