// Jest Snapshot v1, https://goo.gl/fbAQLP

exports[`About Page renders correctly 1`] = `
<div>
  <div
    className="page-heading-container min-page-height"
  >
    <h1
      className="page-heading"
    >
      About
    </h1>
    <div
      className="about-page-container"
    >
      <p>
        City Walks is a website that publishes illustrated guided walks.
      </p>
      <p>
        Each 
        <a
          href="/walks"
          onClick={[Function]}
        >
          Walk
        </a>
         provides a guided tour of a district within a city and points out local attractions, accompanied by a hand drawn map of the route.
      </p>
      <p>
        Some visitor atractions are described in more detail on the 
        <a
          href="/sights"
          onClick={[Function]}
        >
          Sights
        </a>
         page, and users can share their own recommendations on the 
        <a
          href="/boards"
          onClick={[Function]}
        >
          Forum
        </a>
         page
      </p>
      <p>
        It is recommended setting aside a full day for each walk to allow yourself the time to fully explore the local attractions.
      </p>
      <p>
        The walks utilise public transport for their start and end points.
      </p>
      <p
        className="walking-icon"
      >
        <i
          className="fa fa-walking"
          data-test="fa"
        />
      </p>
    </div>
  </div>
</div>
`;
