// Jest Snapshot v1, https://goo.gl/fbAQLP

exports[`BoardBox renders correctly 1`] = `
<div
  className="card card-body"
  data-test="card"
  id="board-box"
>
  <h4
    className="card-title board-box-title"
    data-test="card-title"
  >
    board name
  </h4>
  <p
    className="card-text board-box-desription"
    data-test="card-text"
  >
    board description
  </p>
  <div
    className="flex-row"
  >
    <a
      href="/boards/board-name"
      onClick={[Function]}
    >
      Read More...
    </a>
  </div>
</div>
`;
