// Jest Snapshot v1, https://goo.gl/fbAQLP

exports[`Carousel renders correctly 1`] = `
<div
  className="container carousel-container"
  data-test="container"
>
  <div
    aria-label="carousel"
    className="carousel carousel-fade z-depth-1"
    data-test="carousel"
    length={3}
    onMouseEnter={[Function]}
    onMouseLeave={[Function]}
    onTouchEnd={[Function]}
    onTouchMove={[Function]}
    onTouchStart={[Function]}
  >
    <div
      className="carousel-inner"
      data-test="carousel-inner"
    >
      <div
        className="carousel-item active"
        data-test="carousel-item"
        style={
          Object {
            "left": "0",
          }
        }
      >
        <div
          className="view"
          data-test="view"
          onMouseDown={[Function]}
          onTouchStart={[Function]}
          style={Object {}}
        >
          <img
            alt="First slide"
            className="d-block w-100 carousel-img"
            src="carousel-illustration-1-2.jpg"
          />
          <div
            className="mask"
            data-test="mask"
          />
        </div>
        <div
          className="carousel-caption carousel-caption"
          data-test="carousel-caption"
        >
          <h3
            className="h3-responsive"
          >
            Explore
          </h3>
          <p>
            the history of cities, their landmarks and hidden gems.
          </p>
        </div>
      </div>
      <div
        className="carousel-item"
        data-test="carousel-item"
        style={
          Object {
            "left": "0",
          }
        }
      >
        <div
          className="view"
          data-test="view"
          onMouseDown={[Function]}
          onTouchStart={[Function]}
          style={Object {}}
        >
          <img
            alt="Second slide"
            className="d-block w-100 carousel-img"
            src="carousel-illustration-2-2.jpg"
          />
          <div
            className="mask"
            data-test="mask"
          />
        </div>
        <div
          className="carousel-caption carousel-caption"
          data-test="carousel-caption"
        >
          <h3
            className="h3-responsive"
          >
            Discover
          </h3>
          <p>
            local attractions, landmarks, museums and public spaces.
          </p>
        </div>
      </div>
      <div
        className="carousel-item"
        data-test="carousel-item"
        style={
          Object {
            "left": "0",
          }
        }
      >
        <div
          className="view"
          data-test="view"
          onMouseDown={[Function]}
          onTouchStart={[Function]}
          style={Object {}}
        >
          <img
            alt="Third slide"
            className="d-block w-100 carousel-img"
            src="carousel-illustration-3-2.jpg"
          />
          <div
            className="mask rgba-black-slight"
            data-test="mask"
          />
        </div>
        <div
          className="carousel-caption carousel-caption"
          data-test="carousel-caption"
        >
          <h3
            className="h3-responsive"
          >
            Share
          </h3>
          <p>
            your experiences, recommendations and favourite spots.
          </p>
        </div>
      </div>
    </div>
    <a
      className="carousel-control-prev"
      data-slide="prev"
      data-test="carousel-control"
      onClick={[Function]}
    >
      <div>
        <span
          aria-hidden="true"
          className="carousel-control-prev-icon"
        />
        <span
          className="sr-only"
        >
          Previous
        </span>
      </div>
    </a>
    <a
      className="carousel-control-next"
      data-slide="next"
      data-test="carousel-control"
      onClick={[Function]}
    >
      <div>
        <span
          aria-hidden="true"
          className="carousel-control-next-icon"
        />
        <span
          className="sr-only"
        >
          Next
        </span>
      </div>
    </a>
    <ol
      className="carousel-indicators"
      data-test="carousel-indicators"
    >
      <li
        className="active"
        data-test="carousel-indicator"
        onClick={[Function]}
      />
      <li
        className=""
        data-test="carousel-indicator"
        onClick={[Function]}
      />
      <li
        className=""
        data-test="carousel-indicator"
        onClick={[Function]}
      />
    </ol>
  </div>
</div>
`;
