// Jest Snapshot v1, https://goo.gl/fbAQLP

exports[`Carousel renders correctly 1`] = `
<div
  className="container carousel-container"
  data-test="container"
>
  <div
    aria-label="carousel"
    className="carousel carousel-fade z-depth-1"
    data-test="carousel"
    length={3}
    onMouseEnter={[Function]}
    onMouseLeave={[Function]}
    onTouchEnd={[Function]}
    onTouchMove={[Function]}
    onTouchStart={[Function]}
  >
    <div
      className="carousel-inner"
      data-test="carousel-inner"
    >
      <div
        className="carousel-item active"
        data-test="carousel-item"
        style={
          Object {
            "left": "0",
          }
        }
      >
        <div
          className="view"
          data-test="view"
          onMouseDown={[Function]}
          onTouchStart={[Function]}
          style={Object {}}
        >
          <img
            alt="First slide"
            className="d-block w-100 carousel-img"
            src="https://images.pexels.com/photos/1121782/pexels-photo-1121782.jpeg?auto=compress&cs=tinysrgb&dpr=2&w=500"
          />
          <div
            className="mask rgba-black-light"
            data-test="mask"
          />
        </div>
        <div
          className="carousel-caption"
          data-test="carousel-caption"
        >
          <h3
            className="h3-responsive"
          >
            Explore
          </h3>
          <p>
            First text
          </p>
        </div>
      </div>
      <div
        className="carousel-item"
        data-test="carousel-item"
        style={
          Object {
            "left": "0",
          }
        }
      >
        <div
          className="view"
          data-test="view"
          onMouseDown={[Function]}
          onTouchStart={[Function]}
          style={Object {}}
        >
          <img
            alt="Second slide"
            className="d-block w-100 carousel-img"
            src="https://images.pexels.com/photos/460672/pexels-photo-460672.jpeg?auto=compress&cs=tinysrgb&dpr=2&h=750&w=1260"
          />
          <div
            className="mask rgba-black-strong"
            data-test="mask"
          />
        </div>
        <div
          className="carousel-caption"
          data-test="carousel-caption"
        >
          <h3
            className="h3-responsive"
          >
            Strong mask
          </h3>
          <p>
            Second text
          </p>
        </div>
      </div>
      <div
        className="carousel-item"
        data-test="carousel-item"
        style={
          Object {
            "left": "0",
          }
        }
      >
        <div
          className="view"
          data-test="view"
          onMouseDown={[Function]}
          onTouchStart={[Function]}
          style={Object {}}
        >
          <img
            alt="Third slide"
            className="d-block w-100 carousel-img"
            src="https://images.unsplash.com/photo-1471093304841-0423d25b23e5?ixid=MXwxMjA3fDB8MHxwaG90by1wYWdlfHx8fGVufDB8fHw%3D&ixlib=rb-1.2.1&auto=format&fit=crop&w=1050&q=80"
          />
          <div
            className="mask rgba-black-slight"
            data-test="mask"
          />
        </div>
        <div
          className="carousel-caption"
          data-test="carousel-caption"
        >
          <h3
            className="h3-responsive"
          >
            Slight Mast
          </h3>
          <p>
            Third text
          </p>
        </div>
      </div>
    </div>
    <a
      className="carousel-control-prev"
      data-slide="prev"
      data-test="carousel-control"
      onClick={[Function]}
    >
      <div>
        <span
          aria-hidden="true"
          className="carousel-control-prev-icon"
        />
        <span
          className="sr-only"
        >
          Previous
        </span>
      </div>
    </a>
    <a
      className="carousel-control-next"
      data-slide="next"
      data-test="carousel-control"
      onClick={[Function]}
    >
      <div>
        <span
          aria-hidden="true"
          className="carousel-control-next-icon"
        />
        <span
          className="sr-only"
        >
          Next
        </span>
      </div>
    </a>
    <ol
      className="carousel-indicators"
      data-test="carousel-indicators"
    >
      <li
        className="active"
        data-test="carousel-indicator"
        onClick={[Function]}
      />
      <li
        className=""
        data-test="carousel-indicator"
        onClick={[Function]}
      />
      <li
        className=""
        data-test="carousel-indicator"
        onClick={[Function]}
      />
    </ol>
  </div>
</div>
`;
