// Jest Snapshot v1, https://goo.gl/fbAQLP

exports[`NotFound404 Page renders correctly 1`] = `
<div
  className="nf404-page-container min-page-height"
>
  <div
    className="page-heading-container"
  >
    <h1
      className="page-heading"
    >
      404 Error: Page not found at undefined
    </h1>
  </div>
</div>
`;
