// Jest Snapshot v1, https://goo.gl/fbAQLP

exports[`NotFound404 Page renders correctly 1`] = `
<div
  className="container"
  data-test="container"
>
  <div
    className="nf404-page-container page"
  >
    <div
      className="page-heading-container"
    >
      <h1
        className="page-heading"
      >
        404 Error: Page not found at /pagedoesntexist
      </h1>
    </div>
  </div>
</div>
`;
