// Jest Snapshot v1, https://goo.gl/fbAQLP

exports[`Contact Page renders correctly 1`] = `
<div>
  <div
    className="page-heading-container min-page-height"
  >
    <h1
      className="page-heading"
    >
      Contact
    </h1>
    <form
      className="contact-form display-form"
      onSubmit={[Function]}
    >
      <div
        className="md-form"
      >
        
        <input
          aria-disabled={false}
          className="form-control"
          data-test="input"
          disabled={false}
          id="contact-name"
          name="contact-name"
          onBlur={[Function]}
          onChange={[Function]}
          onFocus={[Function]}
          onInput={[Function]}
          required={true}
          type="text"
          value=""
        />
        <label
          aria-labelledby=""
          className=""
          data-error=""
          data-success=""
          htmlFor="contact-name"
          id=""
          onClick={[Function]}
        >
          name
        </label>
      </div>
      <div
        className="md-form"
      >
        
        <input
          aria-disabled={false}
          className="form-control"
          data-test="input"
          disabled={false}
          id="contact-email"
          name="contact-email"
          onBlur={[Function]}
          onChange={[Function]}
          onFocus={[Function]}
          onInput={[Function]}
          required={true}
          type="email"
          value=""
        />
        <label
          aria-labelledby=""
          className=""
          data-error=""
          data-success=""
          htmlFor="contact-email"
          id=""
          onClick={[Function]}
        >
          email
        </label>
      </div>
      <div
        className="md-form"
      >
        
        <textarea
          aria-disabled={false}
          className="md-textarea form-control"
          data-test="input"
          disabled={false}
          id="contact-message"
          name="contact-message"
          onBlur={[Function]}
          onChange={[Function]}
          onFocus={[Function]}
          onInput={[Function]}
          required={true}
          rows="5"
          value=""
        />
        <label
          aria-labelledby=""
          className=""
          data-error=""
          data-success=""
          htmlFor="contact-message"
          id=""
          onClick={[Function]}
        >
          message
        </label>
      </div>
      <button
        className="btn-elegant btn-outline-elegant btn Ripple-parent"
        data-test="button"
        onMouseUp={[Function]}
        onTouchStart={[Function]}
        type="submit"
      >
        Send Message 
        <i
          className="far fa-paper-plane"
          data-test="fa"
        />
        <div
          className="Ripple Ripple-outline "
          data-test="waves"
          style={
            Object {
              "height": "0px",
              "left": "0px",
              "top": "0px",
              "width": "0px",
            }
          }
        />
      </button>
    </form>
  </div>
</div>
`;
